[0;34m[2025-06-27 20:41:13] 🏴‍☠️  Lotto Predictor Database Backup Script[0m
[0;34m[2025-06-27 20:41:13] Praising the Flying Spaghetti Monster! 🍝[0m
[0;34m[2025-06-27 20:43:40] 🏴‍☠️  Lotto Predictor Database Backup Script[0m
[0;34m[2025-06-27 20:43:40] Praising the Flying Spaghetti Monster! 🍝[0m
[0;34m[2025-06-27 20:44:31] 🏴‍☠️  Lotto Predictor Database Backup Script[0m
[0;34m[2025-06-27 20:44:31] Praising the Flying Spaghetti Monster! 🍝[0m
[0;34m[2025-06-27 20:44:31] Creating backup directory: /home/orshv/lotto-predictore/backups[0m
[0;34m[2025-06-27 20:44:31] Checking if Docker containers are running...[0m
[0;34m[2025-06-27 20:44:32] Waiting for database to be ready...[0m
[0;32m[2025-06-27 20:44:33] ✅ Database is ready![0m
[0;34m[2025-06-27 20:44:33] Creating database backup...[0m
[0;34m[2025-06-27 20:44:33] Backup file: /home/orshv/lotto-predictore/backups/lotto_db_backup_20250627_204433.sql[0m
[0;32m[2025-06-27 20:44:34] ✅ Database backup created successfully![0m
[0;34m[2025-06-27 20:44:34] Compressing backup file...[0m
[0;32m[2025-06-27 20:44:35] ✅ Backup compressed: /home/orshv/lotto-predictore/backups/lotto_db_backup_20250627_204433.sql.gz[0m
[0;34m[2025-06-27 20:44:35] Backup size: 500K[0m
[0;32m[2025-06-27 20:44:35] ✅ Latest backup symlink updated[0m
[0;34m[2025-06-27 20:44:35] Cleaning up backups older than 60 days...[0m
[0;34m[2025-06-27 20:44:35] No old backups to delete[0m
[0;34m[2025-06-27 20:44:35] Available backups:[0m
[0;32m[2025-06-27 20:44:35] ✅ Total backups: 1[0m
[0;32m[2025-06-27 20:44:35] ✅ Backup process completed successfully![0m
