2025-06-13 21:08:43 [INFO] Arrr! Test log entry for the FSM, file logging should work! (setup_logger)

2025-06-13 21:08:43 [INFO] Arrr! FastAPI backend be startin' up, praisin' the FSM!
	file: /app/api/main.py
	function: <module>
	line: 30
	service: backend

2025-06-13 21:08:43 [INFO] Arrr! Registered algorithms at startup: ['top_n_frequent_per_position_v1', 'top_n_frequent_per_position_v2', 'top_6_overall_frequent_v1', 'top_6_overall_frequent_v2', 'positionwise_scored_v1', 'positionwise_scored_v2', 'delta_system_data_driven', 'delta_system_fixed', 'repeated_pattern_matching_v1', 'repeated_pattern_matching_v2', 'recency_weighted_linear', 'recency_weighted_exponential', 'recency_weighted_window', 'random_from_top15_pool', 'random_from_top10_pool', 'random_from_top20_pool', 'balanced_spread_fixed_ranges', 'balanced_spread_equal_ranges', 'balanced_spread_random_ranges', 'pattern_learning_from_winners_v1', 'pattern_learning_from_winners_v2', 'skip_distance_frequency_v1', 'skip_distance_frequency_v2', 'sequence_lstm_classifier', 'sequence_lstm_classifier_h32_l1', 'sequence_lstm_classifier_h128_l2', 'sequence_lstm_classifier_seq20', 'sequence_lstm_classifier_h128_l2_e20', 'sequence_lstm_classifier_gridsearch', 'sequence_lstm_classifier_position_gridsearch', 'sequence_lstm_classifier_position']
	file: /app/api/main.py
	function: <module>
	line: 32

2025-06-13 21:12:57 [INFO] Arrr! Test log entry for the FSM, file logging should work! (setup_logger)

2025-06-13 21:12:57 [INFO] Arrr! FastAPI backend be startin' up, praisin' the FSM!
	file: /app/api/main.py
	function: <module>
	line: 30
	service: backend

2025-06-13 21:12:57 [INFO] Arrr! Registered algorithms at startup: ['top_n_frequent_per_position_v1', 'top_n_frequent_per_position_v2', 'top_6_overall_frequent_v1', 'top_6_overall_frequent_v2', 'positionwise_scored_v1', 'positionwise_scored_v2', 'delta_system_data_driven', 'delta_system_fixed', 'repeated_pattern_matching_v1', 'repeated_pattern_matching_v2', 'recency_weighted_linear', 'recency_weighted_exponential', 'recency_weighted_window', 'random_from_top15_pool', 'random_from_top10_pool', 'random_from_top20_pool', 'balanced_spread_fixed_ranges', 'balanced_spread_equal_ranges', 'balanced_spread_random_ranges', 'pattern_learning_from_winners_v1', 'pattern_learning_from_winners_v2', 'skip_distance_frequency_v1', 'skip_distance_frequency_v2', 'sequence_lstm_classifier', 'sequence_lstm_classifier_h32_l1', 'sequence_lstm_classifier_h128_l2', 'sequence_lstm_classifier_seq20', 'sequence_lstm_classifier_h128_l2_e20', 'sequence_lstm_classifier_gridsearch', 'sequence_lstm_classifier_position_gridsearch', 'sequence_lstm_classifier_position']
	file: /app/api/main.py
	function: <module>
	line: 32

2025-06-13 21:21:29 [INFO] Arrr! Test log entry for the FSM, file logging should work! (setup_logger)

2025-06-13 21:21:29 [INFO] Arrr! FastAPI backend be startin' up, praisin' the FSM!
	file: /app/api/main.py
	function: <module>
	line: 30
	service: backend

2025-06-13 21:21:29 [INFO] Arrr! Registered algorithms at startup: ['top_n_frequent_per_position_v1', 'top_n_frequent_per_position_v2', 'top_6_overall_frequent_v1', 'top_6_overall_frequent_v2', 'positionwise_scored_v1', 'positionwise_scored_v2', 'delta_system_data_driven', 'delta_system_fixed', 'repeated_pattern_matching_v1', 'repeated_pattern_matching_v2', 'recency_weighted_linear', 'recency_weighted_exponential', 'recency_weighted_window', 'random_from_top15_pool', 'random_from_top10_pool', 'random_from_top20_pool', 'balanced_spread_fixed_ranges', 'balanced_spread_equal_ranges', 'balanced_spread_random_ranges', 'pattern_learning_from_winners_v1', 'pattern_learning_from_winners_v2', 'skip_distance_frequency_v1', 'skip_distance_frequency_v2', 'sequence_lstm_classifier', 'sequence_lstm_classifier_h32_l1', 'sequence_lstm_classifier_h128_l2', 'sequence_lstm_classifier_seq20', 'sequence_lstm_classifier_h128_l2_e20', 'sequence_lstm_classifier_gridsearch', 'sequence_lstm_classifier_position_gridsearch', 'sequence_lstm_classifier_position']
	file: /app/api/main.py
	function: <module>
	line: 32

2025-06-13 21:21:32 [INFO] Arrr! Test log entry for the FSM, file logging should work! (setup_logger)

2025-06-13 21:21:32 [INFO] Arrr! FastAPI backend be startin' up, praisin' the FSM!
	file: /app/api/main.py
	function: <module>
	line: 30
	service: backend

2025-06-13 21:21:32 [INFO] Arrr! Registered algorithms at startup: ['top_n_frequent_per_position_v1', 'top_n_frequent_per_position_v2', 'top_6_overall_frequent_v1', 'top_6_overall_frequent_v2', 'positionwise_scored_v1', 'positionwise_scored_v2', 'delta_system_data_driven', 'delta_system_fixed', 'repeated_pattern_matching_v1', 'repeated_pattern_matching_v2', 'recency_weighted_linear', 'recency_weighted_exponential', 'recency_weighted_window', 'random_from_top15_pool', 'random_from_top10_pool', 'random_from_top20_pool', 'balanced_spread_fixed_ranges', 'balanced_spread_equal_ranges', 'balanced_spread_random_ranges', 'pattern_learning_from_winners_v1', 'pattern_learning_from_winners_v2', 'skip_distance_frequency_v1', 'skip_distance_frequency_v2', 'sequence_lstm_classifier', 'sequence_lstm_classifier_h32_l1', 'sequence_lstm_classifier_h128_l2', 'sequence_lstm_classifier_seq20', 'sequence_lstm_classifier_h128_l2_e20', 'sequence_lstm_classifier_gridsearch', 'sequence_lstm_classifier_position_gridsearch', 'sequence_lstm_classifier_position']
	file: /app/api/main.py
	function: <module>
	line: 32

2025-06-13 21:21:38 [INFO] Arrr! Test log entry for the FSM, file logging should work! (setup_logger)

2025-06-13 21:21:38 [INFO] Arrr! FastAPI backend be startin' up, praisin' the FSM!
	file: /app/api/main.py
	function: <module>
	line: 30
	service: backend

2025-06-13 21:21:38 [INFO] Arrr! Registered algorithms at startup: ['top_n_frequent_per_position_v1', 'top_n_frequent_per_position_v2', 'top_6_overall_frequent_v1', 'top_6_overall_frequent_v2', 'positionwise_scored_v1', 'positionwise_scored_v2', 'delta_system_data_driven', 'delta_system_fixed', 'repeated_pattern_matching_v1', 'repeated_pattern_matching_v2', 'recency_weighted_linear', 'recency_weighted_exponential', 'recency_weighted_window', 'random_from_top15_pool', 'random_from_top10_pool', 'random_from_top20_pool', 'balanced_spread_fixed_ranges', 'balanced_spread_equal_ranges', 'balanced_spread_random_ranges', 'pattern_learning_from_winners_v1', 'pattern_learning_from_winners_v2', 'skip_distance_frequency_v1', 'skip_distance_frequency_v2', 'sequence_lstm_classifier', 'sequence_lstm_classifier_h32_l1', 'sequence_lstm_classifier_h128_l2', 'sequence_lstm_classifier_seq20', 'sequence_lstm_classifier_h128_l2_e20', 'sequence_lstm_classifier_gridsearch', 'sequence_lstm_classifier_position_gridsearch', 'sequence_lstm_classifier_position']
	file: /app/api/main.py
	function: <module>
	line: 32

2025-06-13 21:21:46 [INFO] Arrr! Test log entry for the FSM, file logging should work! (setup_logger)

2025-06-13 21:21:46 [INFO] Arrr! FastAPI backend be startin' up, praisin' the FSM!
	file: /app/api/main.py
	function: <module>
	line: 30
	service: backend

2025-06-13 21:21:46 [INFO] Arrr! Registered algorithms at startup: ['top_n_frequent_per_position_v1', 'top_n_frequent_per_position_v2', 'top_6_overall_frequent_v1', 'top_6_overall_frequent_v2', 'positionwise_scored_v1', 'positionwise_scored_v2', 'delta_system_data_driven', 'delta_system_fixed', 'repeated_pattern_matching_v1', 'repeated_pattern_matching_v2', 'recency_weighted_linear', 'recency_weighted_exponential', 'recency_weighted_window', 'random_from_top15_pool', 'random_from_top10_pool', 'random_from_top20_pool', 'balanced_spread_fixed_ranges', 'balanced_spread_equal_ranges', 'balanced_spread_random_ranges', 'pattern_learning_from_winners_v1', 'pattern_learning_from_winners_v2', 'skip_distance_frequency_v1', 'skip_distance_frequency_v2', 'sequence_lstm_classifier', 'sequence_lstm_classifier_h32_l1', 'sequence_lstm_classifier_h128_l2', 'sequence_lstm_classifier_seq20', 'sequence_lstm_classifier_h128_l2_e20', 'sequence_lstm_classifier_gridsearch', 'sequence_lstm_classifier_position_gridsearch', 'sequence_lstm_classifier_position']
	file: /app/api/main.py
	function: <module>
	line: 32

2025-06-13 21:21:50 [INFO] Arrr! Test log entry for the FSM, file logging should work! (setup_logger)

2025-06-13 21:21:50 [INFO] Arrr! FastAPI backend be startin' up, praisin' the FSM!
	file: /app/api/main.py
	function: <module>
	line: 30
	service: backend

2025-06-13 21:21:50 [INFO] Arrr! Registered algorithms at startup: ['top_n_frequent_per_position_v1', 'top_n_frequent_per_position_v2', 'top_6_overall_frequent_v1', 'top_6_overall_frequent_v2', 'positionwise_scored_v1', 'positionwise_scored_v2', 'delta_system_data_driven', 'delta_system_fixed', 'repeated_pattern_matching_v1', 'repeated_pattern_matching_v2', 'recency_weighted_linear', 'recency_weighted_exponential', 'recency_weighted_window', 'random_from_top15_pool', 'random_from_top10_pool', 'random_from_top20_pool', 'balanced_spread_fixed_ranges', 'balanced_spread_equal_ranges', 'balanced_spread_random_ranges', 'pattern_learning_from_winners_v1', 'pattern_learning_from_winners_v2', 'skip_distance_frequency_v1', 'skip_distance_frequency_v2', 'sequence_lstm_classifier', 'sequence_lstm_classifier_h32_l1', 'sequence_lstm_classifier_h128_l2', 'sequence_lstm_classifier_seq20', 'sequence_lstm_classifier_h128_l2_e20', 'sequence_lstm_classifier_gridsearch', 'sequence_lstm_classifier_position_gridsearch', 'sequence_lstm_classifier_position']
	file: /app/api/main.py
	function: <module>
	line: 32

2025-06-13 21:22:00 [INFO] Arrr! Test log entry for the FSM, file logging should work! (setup_logger)

2025-06-13 21:22:00 [INFO] Arrr! FastAPI backend be startin' up, praisin' the FSM!
	file: /app/api/main.py
	function: <module>
	line: 30
	service: backend

2025-06-13 21:22:00 [INFO] Arrr! Registered algorithms at startup: ['top_n_frequent_per_position_v1', 'top_n_frequent_per_position_v2', 'top_6_overall_frequent_v1', 'top_6_overall_frequent_v2', 'positionwise_scored_v1', 'positionwise_scored_v2', 'delta_system_data_driven', 'delta_system_fixed', 'repeated_pattern_matching_v1', 'repeated_pattern_matching_v2', 'recency_weighted_linear', 'recency_weighted_exponential', 'recency_weighted_window', 'random_from_top15_pool', 'random_from_top10_pool', 'random_from_top20_pool', 'balanced_spread_fixed_ranges', 'balanced_spread_equal_ranges', 'balanced_spread_random_ranges', 'pattern_learning_from_winners_v1', 'pattern_learning_from_winners_v2', 'skip_distance_frequency_v1', 'skip_distance_frequency_v2', 'sequence_lstm_classifier', 'sequence_lstm_classifier_h32_l1', 'sequence_lstm_classifier_h128_l2', 'sequence_lstm_classifier_seq20', 'sequence_lstm_classifier_h128_l2_e20', 'sequence_lstm_classifier_gridsearch', 'sequence_lstm_classifier_position_gridsearch', 'sequence_lstm_classifier_position']
	file: /app/api/main.py
	function: <module>
	line: 32

2025-06-13 21:22:03 [INFO] Arrr! Test log entry for the FSM, file logging should work! (setup_logger)

2025-06-13 21:22:03 [INFO] Arrr! FastAPI backend be startin' up, praisin' the FSM!
	file: /app/api/main.py
	function: <module>
	line: 30
	service: backend

2025-06-13 21:22:03 [INFO] Arrr! Registered algorithms at startup: ['top_n_frequent_per_position_v1', 'top_n_frequent_per_position_v2', 'top_6_overall_frequent_v1', 'top_6_overall_frequent_v2', 'positionwise_scored_v1', 'positionwise_scored_v2', 'delta_system_data_driven', 'delta_system_fixed', 'repeated_pattern_matching_v1', 'repeated_pattern_matching_v2', 'recency_weighted_linear', 'recency_weighted_exponential', 'recency_weighted_window', 'random_from_top15_pool', 'random_from_top10_pool', 'random_from_top20_pool', 'balanced_spread_fixed_ranges', 'balanced_spread_equal_ranges', 'balanced_spread_random_ranges', 'pattern_learning_from_winners_v1', 'pattern_learning_from_winners_v2', 'skip_distance_frequency_v1', 'skip_distance_frequency_v2', 'sequence_lstm_classifier', 'sequence_lstm_classifier_h32_l1', 'sequence_lstm_classifier_h128_l2', 'sequence_lstm_classifier_seq20', 'sequence_lstm_classifier_h128_l2_e20', 'sequence_lstm_classifier_gridsearch', 'sequence_lstm_classifier_position_gridsearch', 'sequence_lstm_classifier_position']
	file: /app/api/main.py
	function: <module>
	line: 32

2025-06-13 21:22:35 [INFO] Arrr! Test log entry for the FSM, file logging should work! (setup_logger)

2025-06-13 21:22:35 [INFO] Arrr! FastAPI backend be startin' up, praisin' the FSM!
	file: /app/api/main.py
	function: <module>
	line: 30
	service: backend

2025-06-13 21:22:35 [INFO] Arrr! Registered algorithms at startup: ['top_n_frequent_per_position_v1', 'top_n_frequent_per_position_v2', 'top_6_overall_frequent_v1', 'top_6_overall_frequent_v2', 'positionwise_scored_v1', 'positionwise_scored_v2', 'delta_system_data_driven', 'delta_system_fixed', 'repeated_pattern_matching_v1', 'repeated_pattern_matching_v2', 'recency_weighted_linear', 'recency_weighted_exponential', 'recency_weighted_window', 'random_from_top15_pool', 'random_from_top10_pool', 'random_from_top20_pool', 'balanced_spread_fixed_ranges', 'balanced_spread_equal_ranges', 'balanced_spread_random_ranges', 'pattern_learning_from_winners_v1', 'pattern_learning_from_winners_v2', 'skip_distance_frequency_v1', 'skip_distance_frequency_v2', 'sequence_lstm_classifier', 'sequence_lstm_classifier_h32_l1', 'sequence_lstm_classifier_h128_l2', 'sequence_lstm_classifier_seq20', 'sequence_lstm_classifier_h128_l2_e20', 'sequence_lstm_classifier_gridsearch', 'sequence_lstm_classifier_position_gridsearch', 'sequence_lstm_classifier_position']
	file: /app/api/main.py
	function: <module>
	line: 32

2025-06-13 21:22:38 [INFO] Arrr! Test log entry for the FSM, file logging should work! (setup_logger)

2025-06-13 21:22:38 [INFO] Arrr! FastAPI backend be startin' up, praisin' the FSM!
	file: /app/api/main.py
	function: <module>
	line: 30
	service: backend

2025-06-13 21:22:38 [INFO] Arrr! Registered algorithms at startup: ['top_n_frequent_per_position_v1', 'top_n_frequent_per_position_v2', 'top_6_overall_frequent_v1', 'top_6_overall_frequent_v2', 'positionwise_scored_v1', 'positionwise_scored_v2', 'delta_system_data_driven', 'delta_system_fixed', 'repeated_pattern_matching_v1', 'repeated_pattern_matching_v2', 'recency_weighted_linear', 'recency_weighted_exponential', 'recency_weighted_window', 'random_from_top15_pool', 'random_from_top10_pool', 'random_from_top20_pool', 'balanced_spread_fixed_ranges', 'balanced_spread_equal_ranges', 'balanced_spread_random_ranges', 'pattern_learning_from_winners_v1', 'pattern_learning_from_winners_v2', 'skip_distance_frequency_v1', 'skip_distance_frequency_v2', 'sequence_lstm_classifier', 'sequence_lstm_classifier_h32_l1', 'sequence_lstm_classifier_h128_l2', 'sequence_lstm_classifier_seq20', 'sequence_lstm_classifier_h128_l2_e20', 'sequence_lstm_classifier_gridsearch', 'sequence_lstm_classifier_position_gridsearch', 'sequence_lstm_classifier_position']
	file: /app/api/main.py
	function: <module>
	line: 32

2025-06-13 21:22:42 [INFO] Arrr! Test log entry for the FSM, file logging should work! (setup_logger)

2025-06-13 21:22:42 [INFO] Arrr! FastAPI backend be startin' up, praisin' the FSM!
	file: /app/api/main.py
	function: <module>
	line: 30
	service: backend

2025-06-13 21:22:42 [INFO] Arrr! Registered algorithms at startup: ['top_n_frequent_per_position_v1', 'top_n_frequent_per_position_v2', 'top_6_overall_frequent_v1', 'top_6_overall_frequent_v2', 'positionwise_scored_v1', 'positionwise_scored_v2', 'delta_system_data_driven', 'delta_system_fixed', 'repeated_pattern_matching_v1', 'repeated_pattern_matching_v2', 'recency_weighted_linear', 'recency_weighted_exponential', 'recency_weighted_window', 'random_from_top15_pool', 'random_from_top10_pool', 'random_from_top20_pool', 'balanced_spread_fixed_ranges', 'balanced_spread_equal_ranges', 'balanced_spread_random_ranges', 'pattern_learning_from_winners_v1', 'pattern_learning_from_winners_v2', 'skip_distance_frequency_v1', 'skip_distance_frequency_v2', 'sequence_lstm_classifier', 'sequence_lstm_classifier_h32_l1', 'sequence_lstm_classifier_h128_l2', 'sequence_lstm_classifier_seq20', 'sequence_lstm_classifier_h128_l2_e20', 'sequence_lstm_classifier_gridsearch', 'sequence_lstm_classifier_position_gridsearch', 'sequence_lstm_classifier_position']
	file: /app/api/main.py
	function: <module>
	line: 32

