2025-05-16 14:13:42,762 | INFO | Fetching latest draw from Magayo API
2025-05-16 14:13:43,145 | INFO | HTTP Request: GET https://www.magayo.com/api/results.php?api_key=Y9rGm9xQcj2fxvtCbA&game=il_lotto&format=json "HTTP/1.1 200 OK"
2025-05-16 14:13:43,168 INFO sqlalchemy.engine.Engine select pg_catalog.version()
2025-05-16 14:13:43,168 | INFO | select pg_catalog.version()
2025-05-16 14:13:43,168 INFO sqlalchemy.engine.Engine [raw sql] {}
2025-05-16 14:13:43,168 | INFO | [raw sql] {}
2025-05-16 14:13:43,170 INFO sqlalchemy.engine.Engine select current_schema()
2025-05-16 14:13:43,170 | INFO | select current_schema()
2025-05-16 14:13:43,170 INFO sqlalchemy.engine.Engine [raw sql] {}
2025-05-16 14:13:43,170 | INFO | [raw sql] {}
2025-05-16 14:13:43,171 INFO sqlalchemy.engine.Engine show standard_conforming_strings
2025-05-16 14:13:43,171 | INFO | show standard_conforming_strings
2025-05-16 14:13:43,172 INFO sqlalchemy.engine.Engine [raw sql] {}
2025-05-16 14:13:43,172 | INFO | [raw sql] {}
2025-05-16 14:13:43,173 INFO sqlalchemy.engine.Engine BEGIN (implicit)
2025-05-16 14:13:43,173 | INFO | BEGIN (implicit)
2025-05-16 14:13:43,182 INFO sqlalchemy.engine.Engine SELECT draws.id, draws.date, draws.numbers, draws.strong_number 
FROM draws 
WHERE draws.date = %(date_1)s
2025-05-16 14:13:43,182 | INFO | SELECT draws.id, draws.date, draws.numbers, draws.strong_number 
FROM draws 
WHERE draws.date = %(date_1)s
2025-05-16 14:13:43,183 INFO sqlalchemy.engine.Engine [generated in 0.00048s] {'date_1': datetime.date(2025, 5, 15)}
2025-05-16 14:13:43,183 | INFO | [generated in 0.00048s] {'date_1': datetime.date(2025, 5, 15)}
2025-05-16 14:13:43,185 | INFO | Draw for 2025-05-15 already exists in DB. No action needed.
2025-05-16 14:13:43,185 INFO sqlalchemy.engine.Engine ROLLBACK
2025-05-16 14:13:43,185 | INFO | ROLLBACK
